../Core/Src/main.c:101:5:main	8	static
../Core/Src/main.c:191:6:SystemClock_Config	72	static
../Core/Src/main.c:228:13:MX_USART2_UART_Init	8	static
../Core/Src/main.c:263:13:MX_GPIO_Init	40	static
../Core/Src/main.c:305:6:StartDefaultTask	16	static
../Core/Src/main.c:323:6:start_blink_1	16	static
../Core/Src/main.c:342:6:start_blink_2	16	static
../Core/Src/main.c:361:6:start_print_button	40	static
../Core/Src/main.c:387:6:HAL_TIM_PeriodElapsedCallback	16	static
../Core/Src/main.c:404:6:Error_Handler	4	static,ignoring_inline_asm
